---
source: crates/tui/src/render.rs
expression: "render_to_text_grid(&state, 48, 20)"
---
┌Watchlist [fresh]─────────────────────────────┐
│> CRDO -                                      │
│  BTCUSDT -                                   │
└──────────────────────────────────────────────┘
┌Quote / Sessions [partial]────────────────────┐
│CRDO market snapshot                          │
│No quote loaded yet. Waiting for the next     │
└──────────────────────────────────────────────┘
┌History Chart [partial]───────────────────────┐
│                                              │
└──────────────────────────────────────────────┘
┌Crypto Evidence [empty]───────────────────────┐
│CRDO evidence                                 │
│No crypto evidence loaded yet. Waiting for the│
└──────────────────────────────────────────────┘
┌Provider Health [partial]─────────────────────┐
│provi stat detail             freshness       │
│auto  capa Default router; se -               │
└──────────────────────────────────────────────┘
 Overview | Research | Crypto | Providers  CRDO
