---
source: crates/tui/src/render/tests.rs
expression: "render_to_text_grid(&state, 100, 30)"
---
┌Watchlist [fresh]───────────────┐┌Quote / Sessions [partial]──────────────────────────────────────┐
│> CRDO -                        ││actions  [refresh]                                              │
│  BTCUSDT -                     ││CRDO market snapshot                                            │
│                                ││No quote loaded yet. Waiting for the next refresh.              │
│a add  d delete  left/right move││                                                                │
│                                ││                                                                │
│                                ││                                                                │
│                                ││                                                                │
│                                │└────────────────────────────────────────────────────────────────┘
│                                │┌History Chart [partial]─────────────────────────────────────────┐
│                                ││actions  [refresh]                                              │
│                                ││CRDO history                                                    │
│                                ││No history loaded yet. Waiting for the selected symbol.         │
│                                ││                                                                │
│                                ││                                                                │
└────────────────────────────────┘│                                                         ┌─────┐│
┌Provider Health [partial]───────┐│                                                         │close││
│  detail             freshness  ││                                                         └─────┘│
│  Default router; se -          ││                                                                │
│  Broadest no-key re -          ││                                                                │
│  Official filings,  -          ││                                                                │
│  Delayed quotes, no -          ││                                                                │
└────────────────────────────────┘│                                                                │
┌Task Log [empty]────────────────┐│                                                                │
│status     event                ││                                                                │
│                                ││                                                                │
│                                ││                                                                │
│                                ││                                                                │
└────────────────────────────────┘└────────────────────────────────────────────────────────────────┘
 Market | Trade | Account | Research | Settings  CRDO | mode: normal | live:off | dry-run | ready
